// Jest Snapshot v1, https://goo.gl/fbAQLP

exports[`Must match snapshot 1`] = `
<div>
  <div>
    <button>
      Show User
    </button>
  </div>
</div>
`;
